Archive member included to satisfy reference by file (symbol)

/usr/lib/gcc/arm-none-eabi/5.4.1/../../../arm-none-eabi/lib/fpu/libc.a(lib_a-atexit.o)
                              /usr/lib/gcc/arm-none-eabi/5.4.1/../../../arm-none-eabi/lib/fpu/crt0.o (atexit)
/usr/lib/gcc/arm-none-eabi/5.4.1/../../../arm-none-eabi/lib/fpu/libc.a(lib_a-exit.o)
                              /usr/lib/gcc/arm-none-eabi/5.4.1/../../../arm-none-eabi/lib/fpu/crt0.o (exit)
/usr/lib/gcc/arm-none-eabi/5.4.1/../../../arm-none-eabi/lib/fpu/libc.a(lib_a-fini.o)
                              /usr/lib/gcc/arm-none-eabi/5.4.1/../../../arm-none-eabi/lib/fpu/crt0.o (__libc_fini_array)
/usr/lib/gcc/arm-none-eabi/5.4.1/../../../arm-none-eabi/lib/fpu/libc.a(lib_a-impure.o)
                              /usr/lib/gcc/arm-none-eabi/5.4.1/../../../arm-none-eabi/lib/fpu/libc.a(lib_a-exit.o) (_global_impure_ptr)
/usr/lib/gcc/arm-none-eabi/5.4.1/../../../arm-none-eabi/lib/fpu/libc.a(lib_a-init.o)
                              /usr/lib/gcc/arm-none-eabi/5.4.1/../../../arm-none-eabi/lib/fpu/crt0.o (__libc_init_array)
/usr/lib/gcc/arm-none-eabi/5.4.1/../../../arm-none-eabi/lib/fpu/libc.a(lib_a-malloc.o)
                              main.o (malloc)
/usr/lib/gcc/arm-none-eabi/5.4.1/../../../arm-none-eabi/lib/fpu/libc.a(lib_a-mallocr.o)
                              /usr/lib/gcc/arm-none-eabi/5.4.1/../../../arm-none-eabi/lib/fpu/libc.a(lib_a-malloc.o) (_malloc_r)
/usr/lib/gcc/arm-none-eabi/5.4.1/../../../arm-none-eabi/lib/fpu/libc.a(lib_a-memset.o)
                              /usr/lib/gcc/arm-none-eabi/5.4.1/../../../arm-none-eabi/lib/fpu/crt0.o (memset)
/usr/lib/gcc/arm-none-eabi/5.4.1/../../../arm-none-eabi/lib/fpu/libc.a(lib_a-mlock.o)
                              /usr/lib/gcc/arm-none-eabi/5.4.1/../../../arm-none-eabi/lib/fpu/libc.a(lib_a-mallocr.o) (__malloc_lock)
/usr/lib/gcc/arm-none-eabi/5.4.1/../../../arm-none-eabi/lib/fpu/libc.a(lib_a-sbrkr.o)
                              /usr/lib/gcc/arm-none-eabi/5.4.1/../../../arm-none-eabi/lib/fpu/libc.a(lib_a-mallocr.o) (_sbrk_r)
/usr/lib/gcc/arm-none-eabi/5.4.1/../../../arm-none-eabi/lib/fpu/libc.a(lib_a-__atexit.o)
                              /usr/lib/gcc/arm-none-eabi/5.4.1/../../../arm-none-eabi/lib/fpu/libc.a(lib_a-atexit.o) (__register_exitproc)
/usr/lib/gcc/arm-none-eabi/5.4.1/../../../arm-none-eabi/lib/fpu/libc.a(lib_a-__call_atexit.o)
                              /usr/lib/gcc/arm-none-eabi/5.4.1/../../../arm-none-eabi/lib/fpu/libc.a(lib_a-exit.o) (__call_exitprocs)
/usr/lib/gcc/arm-none-eabi/5.4.1/../../../arm-none-eabi/lib/fpu/libc.a(lib_a-freer.o)
                              /usr/lib/gcc/arm-none-eabi/5.4.1/../../../arm-none-eabi/lib/fpu/libc.a(lib_a-malloc.o) (_free_r)
/usr/lib/gcc/arm-none-eabi/5.4.1/../../../arm-none-eabi/lib/fpu/libc.a(lib_a-reent.o)
                              /usr/lib/gcc/arm-none-eabi/5.4.1/../../../arm-none-eabi/lib/fpu/libc.a(lib_a-sbrkr.o) (errno)
/usr/lib/gcc/arm-none-eabi/5.4.1/../../../arm-none-eabi/lib/fpu/libnosys.a(sbrk.o)
                              /usr/lib/gcc/arm-none-eabi/5.4.1/../../../arm-none-eabi/lib/fpu/libc.a(lib_a-sbrkr.o) (_sbrk)
/usr/lib/gcc/arm-none-eabi/5.4.1/../../../arm-none-eabi/lib/fpu/libnosys.a(_exit.o)
                              /usr/lib/gcc/arm-none-eabi/5.4.1/../../../arm-none-eabi/lib/fpu/libc.a(lib_a-exit.o) (_exit)

Allocating common symbols
Common symbol       size              file

errno               0x4               /usr/lib/gcc/arm-none-eabi/5.4.1/../../../arm-none-eabi/lib/fpu/libc.a(lib_a-reent.o)

Memory Configuration

Name             Origin             Length             Attributes
MAIN_FLASH       0x0000000000000000 0x0000000000040000 xr
INFO_FLASH       0x0000000000200000 0x0000000000004000 xr
SRAM_CODE        0x0000000001000000 0x0000000000010000 xrw
SRAM_DATA        0x0000000020000000 0x0000000000010000 rw
*default*        0x0000000000000000 0xffffffffffffffff

Linker script and memory map

LOAD /usr/lib/gcc/arm-none-eabi/5.4.1/fpu/crti.o
LOAD /usr/lib/gcc/arm-none-eabi/5.4.1/fpu/crtbegin.o
LOAD /usr/lib/gcc/arm-none-eabi/5.4.1/../../../arm-none-eabi/lib/fpu/crt0.o
                0x0000000000000000                PROVIDE (_intvecs_base_address, DEFINED (_intvecs_base_address)?_intvecs_base_address:0x0)

.intvecs
 *(.intvecs)
                0x0000000000200000                PROVIDE (_mailbox_base_address, 0x200000)

.flashMailbox
 *(.flashMailbox)
                0x0000000000201000                PROVIDE (_tlv_base_address, 0x201000)

.tlvTable
 *(.tlvTable)
                0x0000000000202000                PROVIDE (_bsl_base_address, 0x202000)

.bslArea
 *(.bslArea)
                0x0000000020000000                PROVIDE (_vtable_base_address, DEFINED (_vtable_base_address)?_vtable_base_address:0x20000000)

.vtable
 *(.vtable)

.text           0x0000000000000000     0x14d8
 CREATE_OBJECT_SYMBOLS
 *(.text)
 .text          0x0000000000000000        0x0 /usr/lib/gcc/arm-none-eabi/5.4.1/fpu/crti.o
 .text          0x0000000000000000      0x108 /usr/lib/gcc/arm-none-eabi/5.4.1/fpu/crtbegin.o
 .text          0x0000000000000108      0x104 /usr/lib/gcc/arm-none-eabi/5.4.1/../../../arm-none-eabi/lib/fpu/crt0.o
                0x0000000000000108                _mainCRTStartup
                0x0000000000000108                _start
 .text          0x000000000000020c       0x58 main.o
                0x000000000000020c                main
 .text          0x0000000000000264       0x74 misc.o
                0x0000000000000264                func
 .text          0x00000000000002d8       0x20 /usr/lib/gcc/arm-none-eabi/5.4.1/../../../arm-none-eabi/lib/fpu/libc.a(lib_a-atexit.o)
                0x00000000000002d8                atexit
 .text          0x00000000000002f8       0x34 /usr/lib/gcc/arm-none-eabi/5.4.1/../../../arm-none-eabi/lib/fpu/libc.a(lib_a-exit.o)
                0x00000000000002f8                exit
 .text          0x000000000000032c       0x44 /usr/lib/gcc/arm-none-eabi/5.4.1/../../../arm-none-eabi/lib/fpu/libc.a(lib_a-fini.o)
                0x000000000000032c                __libc_fini_array
 .text          0x0000000000000370        0x0 /usr/lib/gcc/arm-none-eabi/5.4.1/../../../arm-none-eabi/lib/fpu/libc.a(lib_a-impure.o)
 .text          0x0000000000000370       0x80 /usr/lib/gcc/arm-none-eabi/5.4.1/../../../arm-none-eabi/lib/fpu/libc.a(lib_a-init.o)
                0x0000000000000370                __libc_init_array
 .text          0x00000000000003f0       0x40 /usr/lib/gcc/arm-none-eabi/5.4.1/../../../arm-none-eabi/lib/fpu/libc.a(lib_a-malloc.o)
                0x00000000000003f0                malloc
                0x0000000000000410                free
 .text          0x0000000000000430      0x778 /usr/lib/gcc/arm-none-eabi/5.4.1/../../../arm-none-eabi/lib/fpu/libc.a(lib_a-mallocr.o)
                0x0000000000000430                _malloc_r
 .text          0x0000000000000ba8       0xf4 /usr/lib/gcc/arm-none-eabi/5.4.1/../../../arm-none-eabi/lib/fpu/libc.a(lib_a-memset.o)
                0x0000000000000ba8                memset
 .text          0x0000000000000c9c        0x8 /usr/lib/gcc/arm-none-eabi/5.4.1/../../../arm-none-eabi/lib/fpu/libc.a(lib_a-mlock.o)
                0x0000000000000c9c                __malloc_lock
                0x0000000000000ca0                __malloc_unlock
 .text          0x0000000000000ca4       0x44 /usr/lib/gcc/arm-none-eabi/5.4.1/../../../arm-none-eabi/lib/fpu/libc.a(lib_a-sbrkr.o)
                0x0000000000000ca4                _sbrk_r
 .text          0x0000000000000ce8       0xe0 /usr/lib/gcc/arm-none-eabi/5.4.1/../../../arm-none-eabi/lib/fpu/libc.a(lib_a-__atexit.o)
                0x0000000000000ce8                __register_exitproc
 .text          0x0000000000000dc8      0x170 /usr/lib/gcc/arm-none-eabi/5.4.1/../../../arm-none-eabi/lib/fpu/libc.a(lib_a-__call_atexit.o)
                0x0000000000000dc8                __call_exitprocs
 .text          0x0000000000000f38      0x3ec /usr/lib/gcc/arm-none-eabi/5.4.1/../../../arm-none-eabi/lib/fpu/libc.a(lib_a-freer.o)
                0x0000000000000f38                _malloc_trim_r
                0x0000000000001038                _free_r
 .text          0x0000000000001324      0x120 /usr/lib/gcc/arm-none-eabi/5.4.1/../../../arm-none-eabi/lib/fpu/libc.a(lib_a-reent.o)
                0x0000000000001324                cleanup_glue
                0x0000000000001350                _reclaim_reent
 .text          0x0000000000001444       0x2c /usr/lib/gcc/arm-none-eabi/5.4.1/../../../arm-none-eabi/lib/fpu/libnosys.a(sbrk.o)
                0x0000000000001444                _sbrk
 .text          0x0000000000001470        0x4 /usr/lib/gcc/arm-none-eabi/5.4.1/../../../arm-none-eabi/lib/fpu/libnosys.a(_exit.o)
                0x0000000000001470                _exit
 .text          0x0000000000001474        0x0 /usr/lib/gcc/arm-none-eabi/5.4.1/fpu/crtend.o
 .text          0x0000000000001474        0x0 /usr/lib/gcc/arm-none-eabi/5.4.1/fpu/crtn.o
 *(.text.*)
 .text.startup  0x0000000000001474       0x28 /usr/lib/gcc/arm-none-eabi/5.4.1/../../../arm-none-eabi/lib/fpu/libc.a(lib_a-__call_atexit.o)
                0x000000000000149c                . = ALIGN (0x4)
 *(.ctors)
                0x000000000000149c                . = ALIGN (0x4)
 *(.dtors)
                0x000000000000149c                . = ALIGN (0x4)
                0x000000000000149c                __init_array_start = .
 *(.init_array*)
 .init_array    0x000000000000149c        0x4 /usr/lib/gcc/arm-none-eabi/5.4.1/fpu/crtbegin.o
 .init_array.00000
                0x00000000000014a0        0x4 /usr/lib/gcc/arm-none-eabi/5.4.1/../../../arm-none-eabi/lib/fpu/libc.a(lib_a-__call_atexit.o)
                0x00000000000014a4                __init_array_end = .
 *(.init)
 .init          0x00000000000014a4        0xc /usr/lib/gcc/arm-none-eabi/5.4.1/fpu/crti.o
                0x00000000000014a4                _init
 .init          0x00000000000014b0        0xc /usr/lib/gcc/arm-none-eabi/5.4.1/fpu/crtn.o
 *(.fini*)
 .fini          0x00000000000014bc        0xc /usr/lib/gcc/arm-none-eabi/5.4.1/fpu/crti.o
                0x00000000000014bc                _fini
 .fini_array    0x00000000000014c8        0x4 /usr/lib/gcc/arm-none-eabi/5.4.1/fpu/crtbegin.o
 .fini          0x00000000000014cc        0xc /usr/lib/gcc/arm-none-eabi/5.4.1/fpu/crtn.o

.glue_7         0x00000000000014d8        0x0
 .glue_7        0x00000000000014d8        0x0 linker stubs

.glue_7t        0x00000000000014d8        0x0
 .glue_7t       0x00000000000014d8        0x0 linker stubs

.vfp11_veneer   0x00000000000014d8        0x0
 .vfp11_veneer  0x00000000000014d8        0x0 linker stubs

.v4_bx          0x00000000000014d8        0x0
 .v4_bx         0x00000000000014d8        0x0 linker stubs

.iplt           0x00000000000014d8        0x0
 .iplt          0x00000000000014d8        0x0 /usr/lib/gcc/arm-none-eabi/5.4.1/fpu/crtbegin.o

.rodata         0x00000000000014d8       0x1c
 *(.rodata)
 .rodata        0x00000000000014d8        0x4 main.o
                0x00000000000014d8                g2
 .rodata        0x00000000000014dc        0xe misc.o
 *fill*         0x00000000000014ea        0x2 
 .rodata        0x00000000000014ec        0x4 /usr/lib/gcc/arm-none-eabi/5.4.1/../../../arm-none-eabi/lib/fpu/libc.a(lib_a-impure.o)
                0x00000000000014ec                _global_impure_ptr
 *(.rodata.*)
 .rodata.str1.4
                0x00000000000014f0        0x4 /usr/lib/gcc/arm-none-eabi/5.4.1/../../../arm-none-eabi/lib/fpu/libc.a(lib_a-impure.o)
                                          0x2 (size before relaxing)

.eh_frame       0x00000000000014f4        0x4
 .eh_frame      0x00000000000014f4        0x0 /usr/lib/gcc/arm-none-eabi/5.4.1/fpu/crtbegin.o
 .eh_frame      0x00000000000014f4        0x4 /usr/lib/gcc/arm-none-eabi/5.4.1/fpu/crtend.o

.ARM.exidx      0x00000000000014f8        0x8
                0x00000000000014f8                __exidx_start = .
 *(.ARM.exidx* .gnu.linkonce.armexidx.*)
 .ARM.exidx     0x00000000000014f8        0x8 /usr/lib/gcc/arm-none-eabi/5.4.1/../../../arm-none-eabi/lib/fpu/crt0.o
                0x0000000000001500                __exidx_end = .

.ARM.extab      0x0000000000001500        0x0
 *(.ARM.extab* .gnu.linkonce.armextab.*)
 .ARM.extab     0x0000000000001500        0x0 /usr/lib/gcc/arm-none-eabi/5.4.1/../../../arm-none-eabi/lib/fpu/crt0.o
                0x0000000000001500                __etext = .

.rel.dyn        0x0000000000001500        0x0
 .rel.iplt      0x0000000000001500        0x0 /usr/lib/gcc/arm-none-eabi/5.4.1/fpu/crtbegin.o

.data           0x0000000020000000      0x870 load address 0x0000000000001500
                0x0000000000001500                __data_load__ = LOADADDR (.data)
                0x0000000020000000                __data_start__ = .
 *(.data)
 .data          0x0000000020000000        0x0 /usr/lib/gcc/arm-none-eabi/5.4.1/fpu/crti.o
 .data          0x0000000020000000        0x4 /usr/lib/gcc/arm-none-eabi/5.4.1/fpu/crtbegin.o
                0x0000000020000000                __dso_handle
 .data          0x0000000020000004        0x0 /usr/lib/gcc/arm-none-eabi/5.4.1/../../../arm-none-eabi/lib/fpu/crt0.o
 .data          0x0000000020000004        0x1 main.o
                0x0000000020000004                g3
 *fill*         0x0000000020000005        0x3 
 .data          0x0000000020000008       0x28 misc.o
                0x0000000020000008                g5
 .data          0x0000000020000030        0x0 /usr/lib/gcc/arm-none-eabi/5.4.1/../../../arm-none-eabi/lib/fpu/libc.a(lib_a-atexit.o)
 .data          0x0000000020000030        0x0 /usr/lib/gcc/arm-none-eabi/5.4.1/../../../arm-none-eabi/lib/fpu/libc.a(lib_a-exit.o)
 .data          0x0000000020000030        0x0 /usr/lib/gcc/arm-none-eabi/5.4.1/../../../arm-none-eabi/lib/fpu/libc.a(lib_a-fini.o)
 .data          0x0000000020000030      0x430 /usr/lib/gcc/arm-none-eabi/5.4.1/../../../arm-none-eabi/lib/fpu/libc.a(lib_a-impure.o)
                0x0000000020000030                _impure_ptr
 .data          0x0000000020000460        0x0 /usr/lib/gcc/arm-none-eabi/5.4.1/../../../arm-none-eabi/lib/fpu/libc.a(lib_a-init.o)
 .data          0x0000000020000460        0x0 /usr/lib/gcc/arm-none-eabi/5.4.1/../../../arm-none-eabi/lib/fpu/libc.a(lib_a-malloc.o)
 .data          0x0000000020000460      0x410 /usr/lib/gcc/arm-none-eabi/5.4.1/../../../arm-none-eabi/lib/fpu/libc.a(lib_a-mallocr.o)
                0x0000000020000460                __malloc_av_
                0x0000000020000868                __malloc_sbrk_base
                0x000000002000086c                __malloc_trim_threshold
 .data          0x0000000020000870        0x0 /usr/lib/gcc/arm-none-eabi/5.4.1/../../../arm-none-eabi/lib/fpu/libc.a(lib_a-memset.o)
 .data          0x0000000020000870        0x0 /usr/lib/gcc/arm-none-eabi/5.4.1/../../../arm-none-eabi/lib/fpu/libc.a(lib_a-mlock.o)
 .data          0x0000000020000870        0x0 /usr/lib/gcc/arm-none-eabi/5.4.1/../../../arm-none-eabi/lib/fpu/libc.a(lib_a-sbrkr.o)
 .data          0x0000000020000870        0x0 /usr/lib/gcc/arm-none-eabi/5.4.1/../../../arm-none-eabi/lib/fpu/libc.a(lib_a-__atexit.o)
 .data          0x0000000020000870        0x0 /usr/lib/gcc/arm-none-eabi/5.4.1/../../../arm-none-eabi/lib/fpu/libc.a(lib_a-__call_atexit.o)
 .data          0x0000000020000870        0x0 /usr/lib/gcc/arm-none-eabi/5.4.1/../../../arm-none-eabi/lib/fpu/libc.a(lib_a-freer.o)
 .data          0x0000000020000870        0x0 /usr/lib/gcc/arm-none-eabi/5.4.1/../../../arm-none-eabi/lib/fpu/libc.a(lib_a-reent.o)
 .data          0x0000000020000870        0x0 /usr/lib/gcc/arm-none-eabi/5.4.1/../../../arm-none-eabi/lib/fpu/libnosys.a(sbrk.o)
 .data          0x0000000020000870        0x0 /usr/lib/gcc/arm-none-eabi/5.4.1/../../../arm-none-eabi/lib/fpu/libnosys.a(_exit.o)
 .data          0x0000000020000870        0x0 /usr/lib/gcc/arm-none-eabi/5.4.1/fpu/crtend.o
 .data          0x0000000020000870        0x0 /usr/lib/gcc/arm-none-eabi/5.4.1/fpu/crtn.o
 *(.data*)
                0x0000000020000870                . = ALIGN (0x4)
                0x0000000020000870                __data_end__ = .

.jcr            0x0000000020000870        0x4 load address 0x0000000000001d70
 .jcr           0x0000000020000870        0x0 /usr/lib/gcc/arm-none-eabi/5.4.1/fpu/crtbegin.o
 .jcr           0x0000000020000870        0x4 /usr/lib/gcc/arm-none-eabi/5.4.1/fpu/crtend.o

.tm_clone_table
                0x0000000020000874        0x0 load address 0x0000000000001d74
 .tm_clone_table
                0x0000000020000874        0x0 /usr/lib/gcc/arm-none-eabi/5.4.1/fpu/crtbegin.o
 .tm_clone_table
                0x0000000020000874        0x0 /usr/lib/gcc/arm-none-eabi/5.4.1/fpu/crtend.o

.igot.plt       0x0000000020000874        0x0 load address 0x0000000000001d74
 .igot.plt      0x0000000020000874        0x0 /usr/lib/gcc/arm-none-eabi/5.4.1/fpu/crtbegin.o

.bss            0x0000000020000874       0x64
                0x0000000020000874                __bss_start__ = .
 *(.shbss)
 *(.bss)
 .bss           0x0000000020000874        0x0 /usr/lib/gcc/arm-none-eabi/5.4.1/fpu/crti.o
 .bss           0x0000000020000874       0x1c /usr/lib/gcc/arm-none-eabi/5.4.1/fpu/crtbegin.o
 .bss           0x0000000020000890        0x0 /usr/lib/gcc/arm-none-eabi/5.4.1/../../../arm-none-eabi/lib/fpu/crt0.o
 .bss           0x0000000020000890        0x5 main.o
                0x0000000020000894                g4
 *fill*         0x0000000020000895        0x3 
 .bss           0x0000000020000898        0x4 misc.o
 .bss           0x000000002000089c        0x0 /usr/lib/gcc/arm-none-eabi/5.4.1/../../../arm-none-eabi/lib/fpu/libc.a(lib_a-atexit.o)
 .bss           0x000000002000089c        0x0 /usr/lib/gcc/arm-none-eabi/5.4.1/../../../arm-none-eabi/lib/fpu/libc.a(lib_a-exit.o)
 .bss           0x000000002000089c        0x0 /usr/lib/gcc/arm-none-eabi/5.4.1/../../../arm-none-eabi/lib/fpu/libc.a(lib_a-fini.o)
 .bss           0x000000002000089c        0x0 /usr/lib/gcc/arm-none-eabi/5.4.1/../../../arm-none-eabi/lib/fpu/libc.a(lib_a-impure.o)
 .bss           0x000000002000089c        0x0 /usr/lib/gcc/arm-none-eabi/5.4.1/../../../arm-none-eabi/lib/fpu/libc.a(lib_a-init.o)
 .bss           0x000000002000089c        0x0 /usr/lib/gcc/arm-none-eabi/5.4.1/../../../arm-none-eabi/lib/fpu/libc.a(lib_a-malloc.o)
 .bss           0x000000002000089c       0x34 /usr/lib/gcc/arm-none-eabi/5.4.1/../../../arm-none-eabi/lib/fpu/libc.a(lib_a-mallocr.o)
                0x000000002000089c                __malloc_top_pad
                0x00000000200008a0                __malloc_current_mallinfo
                0x00000000200008c8                __malloc_max_sbrked_mem
                0x00000000200008cc                __malloc_max_total_mem
 .bss           0x00000000200008d0        0x0 /usr/lib/gcc/arm-none-eabi/5.4.1/../../../arm-none-eabi/lib/fpu/libc.a(lib_a-memset.o)
 .bss           0x00000000200008d0        0x0 /usr/lib/gcc/arm-none-eabi/5.4.1/../../../arm-none-eabi/lib/fpu/libc.a(lib_a-mlock.o)
 .bss           0x00000000200008d0        0x0 /usr/lib/gcc/arm-none-eabi/5.4.1/../../../arm-none-eabi/lib/fpu/libc.a(lib_a-sbrkr.o)
 .bss           0x00000000200008d0        0x0 /usr/lib/gcc/arm-none-eabi/5.4.1/../../../arm-none-eabi/lib/fpu/libc.a(lib_a-__atexit.o)
 .bss           0x00000000200008d0        0x0 /usr/lib/gcc/arm-none-eabi/5.4.1/../../../arm-none-eabi/lib/fpu/libc.a(lib_a-__call_atexit.o)
 .bss           0x00000000200008d0        0x0 /usr/lib/gcc/arm-none-eabi/5.4.1/../../../arm-none-eabi/lib/fpu/libc.a(lib_a-freer.o)
 .bss           0x00000000200008d0        0x0 /usr/lib/gcc/arm-none-eabi/5.4.1/../../../arm-none-eabi/lib/fpu/libc.a(lib_a-reent.o)
 .bss           0x00000000200008d0        0x4 /usr/lib/gcc/arm-none-eabi/5.4.1/../../../arm-none-eabi/lib/fpu/libnosys.a(sbrk.o)
 .bss           0x00000000200008d4        0x0 /usr/lib/gcc/arm-none-eabi/5.4.1/../../../arm-none-eabi/lib/fpu/libnosys.a(_exit.o)
 .bss           0x00000000200008d4        0x0 /usr/lib/gcc/arm-none-eabi/5.4.1/fpu/crtend.o
 .bss           0x00000000200008d4        0x0 /usr/lib/gcc/arm-none-eabi/5.4.1/fpu/crtn.o
 *(.bss.*)
 *(COMMON)
 COMMON         0x00000000200008d4        0x4 /usr/lib/gcc/arm-none-eabi/5.4.1/../../../arm-none-eabi/lib/fpu/libc.a(lib_a-reent.o)
                0x00000000200008d4                errno
                0x00000000200008d8                . = ALIGN (0x4)
                0x00000000200008d8                __bss_end__ = .

.heap           0x00000000200008d8        0x0
                0x00000000200008d8                __heap_start__ = .
                0x00000000200008d8                end = __heap_start__
                0x00000000200008d8                _end = end
                0x00000000200008d8                __end = end
 *(.heap)
                0x00000000200008d8                __heap_end__ = .
                0x00000000200008d8                __HeapLimit = __heap_end__

.stack          0x00000000200008d8        0x0
                0x00000000200008d8                _stack = .
                0x00000000200008d8                __stack = .
 *(.stack)
LOAD main.o
LOAD misc.o
START GROUP
LOAD /usr/lib/gcc/arm-none-eabi/5.4.1/fpu/libgcc.a
LOAD /usr/lib/gcc/arm-none-eabi/5.4.1/../../../arm-none-eabi/lib/fpu/libc.a
END GROUP
START GROUP
LOAD /usr/lib/gcc/arm-none-eabi/5.4.1/fpu/libgcc.a
LOAD /usr/lib/gcc/arm-none-eabi/5.4.1/../../../arm-none-eabi/lib/fpu/libc.a
LOAD /usr/lib/gcc/arm-none-eabi/5.4.1/../../../arm-none-eabi/lib/fpu/libnosys.a
END GROUP
LOAD /usr/lib/gcc/arm-none-eabi/5.4.1/fpu/crtend.o
LOAD /usr/lib/gcc/arm-none-eabi/5.4.1/fpu/crtn.o
OUTPUT(demo.out elf32-littlearm)

.ARM.attributes
                0x0000000000000000       0x35
 .ARM.attributes
                0x0000000000000000       0x16 /usr/lib/gcc/arm-none-eabi/5.4.1/fpu/crti.o
 .ARM.attributes
                0x0000000000000016       0x34 /usr/lib/gcc/arm-none-eabi/5.4.1/fpu/crtbegin.o
 .ARM.attributes
                0x000000000000004a       0x14 /usr/lib/gcc/arm-none-eabi/5.4.1/../../../arm-none-eabi/lib/fpu/crt0.o
 .ARM.attributes
                0x000000000000005e       0x39 main.o
 .ARM.attributes
                0x0000000000000097       0x39 misc.o
 .ARM.attributes
                0x00000000000000d0       0x34 /usr/lib/gcc/arm-none-eabi/5.4.1/../../../arm-none-eabi/lib/fpu/libc.a(lib_a-atexit.o)
 .ARM.attributes
                0x0000000000000104       0x34 /usr/lib/gcc/arm-none-eabi/5.4.1/../../../arm-none-eabi/lib/fpu/libc.a(lib_a-exit.o)
 .ARM.attributes
                0x0000000000000138       0x34 /usr/lib/gcc/arm-none-eabi/5.4.1/../../../arm-none-eabi/lib/fpu/libc.a(lib_a-fini.o)
 .ARM.attributes
                0x000000000000016c       0x34 /usr/lib/gcc/arm-none-eabi/5.4.1/../../../arm-none-eabi/lib/fpu/libc.a(lib_a-impure.o)
 .ARM.attributes
                0x00000000000001a0       0x34 /usr/lib/gcc/arm-none-eabi/5.4.1/../../../arm-none-eabi/lib/fpu/libc.a(lib_a-init.o)
 .ARM.attributes
                0x00000000000001d4       0x34 /usr/lib/gcc/arm-none-eabi/5.4.1/../../../arm-none-eabi/lib/fpu/libc.a(lib_a-malloc.o)
 .ARM.attributes
                0x0000000000000208       0x34 /usr/lib/gcc/arm-none-eabi/5.4.1/../../../arm-none-eabi/lib/fpu/libc.a(lib_a-mallocr.o)
 .ARM.attributes
                0x000000000000023c       0x34 /usr/lib/gcc/arm-none-eabi/5.4.1/../../../arm-none-eabi/lib/fpu/libc.a(lib_a-memset.o)
 .ARM.attributes
                0x0000000000000270       0x34 /usr/lib/gcc/arm-none-eabi/5.4.1/../../../arm-none-eabi/lib/fpu/libc.a(lib_a-mlock.o)
 .ARM.attributes
                0x00000000000002a4       0x34 /usr/lib/gcc/arm-none-eabi/5.4.1/../../../arm-none-eabi/lib/fpu/libc.a(lib_a-sbrkr.o)
 .ARM.attributes
                0x00000000000002d8       0x34 /usr/lib/gcc/arm-none-eabi/5.4.1/../../../arm-none-eabi/lib/fpu/libc.a(lib_a-__atexit.o)
 .ARM.attributes
                0x000000000000030c       0x34 /usr/lib/gcc/arm-none-eabi/5.4.1/../../../arm-none-eabi/lib/fpu/libc.a(lib_a-__call_atexit.o)
 .ARM.attributes
                0x0000000000000340       0x34 /usr/lib/gcc/arm-none-eabi/5.4.1/../../../arm-none-eabi/lib/fpu/libc.a(lib_a-freer.o)
 .ARM.attributes
                0x0000000000000374       0x34 /usr/lib/gcc/arm-none-eabi/5.4.1/../../../arm-none-eabi/lib/fpu/libc.a(lib_a-reent.o)
 .ARM.attributes
                0x00000000000003a8       0x34 /usr/lib/gcc/arm-none-eabi/5.4.1/../../../arm-none-eabi/lib/fpu/libnosys.a(sbrk.o)
 .ARM.attributes
                0x00000000000003dc       0x34 /usr/lib/gcc/arm-none-eabi/5.4.1/../../../arm-none-eabi/lib/fpu/libnosys.a(_exit.o)
 .ARM.attributes
                0x0000000000000410       0x34 /usr/lib/gcc/arm-none-eabi/5.4.1/fpu/crtend.o
 .ARM.attributes
                0x0000000000000444       0x18 /usr/lib/gcc/arm-none-eabi/5.4.1/fpu/crtn.o

.comment        0x0000000000000000       0x2b
 .comment       0x0000000000000000       0x2b /usr/lib/gcc/arm-none-eabi/5.4.1/fpu/crtbegin.o
                                         0x2c (size before relaxing)
 .comment       0x000000000000002b       0x2c main.o
 .comment       0x000000000000002b       0x2c misc.o
 .comment       0x000000000000002b       0x2c /usr/lib/gcc/arm-none-eabi/5.4.1/../../../arm-none-eabi/lib/fpu/libc.a(lib_a-atexit.o)
 .comment       0x000000000000002b       0x2c /usr/lib/gcc/arm-none-eabi/5.4.1/../../../arm-none-eabi/lib/fpu/libc.a(lib_a-exit.o)
 .comment       0x000000000000002b       0x2c /usr/lib/gcc/arm-none-eabi/5.4.1/../../../arm-none-eabi/lib/fpu/libc.a(lib_a-fini.o)
 .comment       0x000000000000002b       0x2c /usr/lib/gcc/arm-none-eabi/5.4.1/../../../arm-none-eabi/lib/fpu/libc.a(lib_a-impure.o)
 .comment       0x000000000000002b       0x2c /usr/lib/gcc/arm-none-eabi/5.4.1/../../../arm-none-eabi/lib/fpu/libc.a(lib_a-init.o)
 .comment       0x000000000000002b       0x2c /usr/lib/gcc/arm-none-eabi/5.4.1/../../../arm-none-eabi/lib/fpu/libc.a(lib_a-malloc.o)
 .comment       0x000000000000002b       0x2c /usr/lib/gcc/arm-none-eabi/5.4.1/../../../arm-none-eabi/lib/fpu/libc.a(lib_a-mallocr.o)
 .comment       0x000000000000002b       0x2c /usr/lib/gcc/arm-none-eabi/5.4.1/../../../arm-none-eabi/lib/fpu/libc.a(lib_a-memset.o)
 .comment       0x000000000000002b       0x2c /usr/lib/gcc/arm-none-eabi/5.4.1/../../../arm-none-eabi/lib/fpu/libc.a(lib_a-mlock.o)
 .comment       0x000000000000002b       0x2c /usr/lib/gcc/arm-none-eabi/5.4.1/../../../arm-none-eabi/lib/fpu/libc.a(lib_a-sbrkr.o)
 .comment       0x000000000000002b       0x2c /usr/lib/gcc/arm-none-eabi/5.4.1/../../../arm-none-eabi/lib/fpu/libc.a(lib_a-__atexit.o)
 .comment       0x000000000000002b       0x2c /usr/lib/gcc/arm-none-eabi/5.4.1/../../../arm-none-eabi/lib/fpu/libc.a(lib_a-__call_atexit.o)
 .comment       0x000000000000002b       0x2c /usr/lib/gcc/arm-none-eabi/5.4.1/../../../arm-none-eabi/lib/fpu/libc.a(lib_a-freer.o)
 .comment       0x000000000000002b       0x2c /usr/lib/gcc/arm-none-eabi/5.4.1/../../../arm-none-eabi/lib/fpu/libc.a(lib_a-reent.o)
 .comment       0x000000000000002b       0x2c /usr/lib/gcc/arm-none-eabi/5.4.1/../../../arm-none-eabi/lib/fpu/libnosys.a(sbrk.o)
 .comment       0x000000000000002b       0x2c /usr/lib/gcc/arm-none-eabi/5.4.1/../../../arm-none-eabi/lib/fpu/libnosys.a(_exit.o)
 .comment       0x000000000000002b       0x2c /usr/lib/gcc/arm-none-eabi/5.4.1/fpu/crtend.o

.debug_line     0x0000000000000000     0x1514
 .debug_line    0x0000000000000000       0x95 /usr/lib/gcc/arm-none-eabi/5.4.1/../../../arm-none-eabi/lib/fpu/crt0.o
 .debug_line    0x0000000000000095       0x4e main.o
 .debug_line    0x00000000000000e3       0x53 misc.o
 .debug_line    0x0000000000000136       0xb8 /usr/lib/gcc/arm-none-eabi/5.4.1/../../../arm-none-eabi/lib/fpu/libc.a(lib_a-atexit.o)
 .debug_line    0x00000000000001ee      0x15f /usr/lib/gcc/arm-none-eabi/5.4.1/../../../arm-none-eabi/lib/fpu/libc.a(lib_a-exit.o)
 .debug_line    0x000000000000034d       0x9c /usr/lib/gcc/arm-none-eabi/5.4.1/../../../arm-none-eabi/lib/fpu/libc.a(lib_a-fini.o)
 .debug_line    0x00000000000003e9       0xe6 /usr/lib/gcc/arm-none-eabi/5.4.1/../../../arm-none-eabi/lib/fpu/libc.a(lib_a-impure.o)
 .debug_line    0x00000000000004cf       0xb6 /usr/lib/gcc/arm-none-eabi/5.4.1/../../../arm-none-eabi/lib/fpu/libc.a(lib_a-init.o)
 .debug_line    0x0000000000000585      0x147 /usr/lib/gcc/arm-none-eabi/5.4.1/../../../arm-none-eabi/lib/fpu/libc.a(lib_a-malloc.o)
 .debug_line    0x00000000000006cc      0x344 /usr/lib/gcc/arm-none-eabi/5.4.1/../../../arm-none-eabi/lib/fpu/libc.a(lib_a-mallocr.o)
 .debug_line    0x0000000000000a10      0x112 /usr/lib/gcc/arm-none-eabi/5.4.1/../../../arm-none-eabi/lib/fpu/libc.a(lib_a-memset.o)
 .debug_line    0x0000000000000b22       0xf5 /usr/lib/gcc/arm-none-eabi/5.4.1/../../../arm-none-eabi/lib/fpu/libc.a(lib_a-mlock.o)
 .debug_line    0x0000000000000c17      0x155 /usr/lib/gcc/arm-none-eabi/5.4.1/../../../arm-none-eabi/lib/fpu/libc.a(lib_a-sbrkr.o)
 .debug_line    0x0000000000000d6c      0x180 /usr/lib/gcc/arm-none-eabi/5.4.1/../../../arm-none-eabi/lib/fpu/libc.a(lib_a-__atexit.o)
 .debug_line    0x0000000000000eec      0x1a8 /usr/lib/gcc/arm-none-eabi/5.4.1/../../../arm-none-eabi/lib/fpu/libc.a(lib_a-__call_atexit.o)
 .debug_line    0x0000000000001094      0x256 /usr/lib/gcc/arm-none-eabi/5.4.1/../../../arm-none-eabi/lib/fpu/libc.a(lib_a-freer.o)
 .debug_line    0x00000000000012ea      0x17a /usr/lib/gcc/arm-none-eabi/5.4.1/../../../arm-none-eabi/lib/fpu/libc.a(lib_a-reent.o)
 .debug_line    0x0000000000001464       0x58 /usr/lib/gcc/arm-none-eabi/5.4.1/../../../arm-none-eabi/lib/fpu/libnosys.a(sbrk.o)
 .debug_line    0x00000000000014bc       0x58 /usr/lib/gcc/arm-none-eabi/5.4.1/../../../arm-none-eabi/lib/fpu/libnosys.a(_exit.o)

.debug_info     0x0000000000000000     0x69f8
 .debug_info    0x0000000000000000       0x99 /usr/lib/gcc/arm-none-eabi/5.4.1/../../../arm-none-eabi/lib/fpu/crt0.o
 .debug_info    0x0000000000000099      0x10a main.o
 .debug_info    0x00000000000001a3       0xc4 misc.o
 .debug_info    0x0000000000000267       0xfe /usr/lib/gcc/arm-none-eabi/5.4.1/../../../arm-none-eabi/lib/fpu/libc.a(lib_a-atexit.o)
 .debug_info    0x0000000000000365      0x8de /usr/lib/gcc/arm-none-eabi/5.4.1/../../../arm-none-eabi/lib/fpu/libc.a(lib_a-exit.o)
 .debug_info    0x0000000000000c43       0xfa /usr/lib/gcc/arm-none-eabi/5.4.1/../../../arm-none-eabi/lib/fpu/libc.a(lib_a-fini.o)
 .debug_info    0x0000000000000d3d      0x89b /usr/lib/gcc/arm-none-eabi/5.4.1/../../../arm-none-eabi/lib/fpu/libc.a(lib_a-impure.o)
 .debug_info    0x00000000000015d8      0x110 /usr/lib/gcc/arm-none-eabi/5.4.1/../../../arm-none-eabi/lib/fpu/libc.a(lib_a-init.o)
 .debug_info    0x00000000000016e8      0x906 /usr/lib/gcc/arm-none-eabi/5.4.1/../../../arm-none-eabi/lib/fpu/libc.a(lib_a-malloc.o)
 .debug_info    0x0000000000001fee      0xd4c /usr/lib/gcc/arm-none-eabi/5.4.1/../../../arm-none-eabi/lib/fpu/libc.a(lib_a-mallocr.o)
 .debug_info    0x0000000000002d3a      0x11e /usr/lib/gcc/arm-none-eabi/5.4.1/../../../arm-none-eabi/lib/fpu/libc.a(lib_a-memset.o)
 .debug_info    0x0000000000002e58      0x8a8 /usr/lib/gcc/arm-none-eabi/5.4.1/../../../arm-none-eabi/lib/fpu/libc.a(lib_a-mlock.o)
 .debug_info    0x0000000000003700      0x8f5 /usr/lib/gcc/arm-none-eabi/5.4.1/../../../arm-none-eabi/lib/fpu/libc.a(lib_a-sbrkr.o)
 .debug_info    0x0000000000003ff5      0x92e /usr/lib/gcc/arm-none-eabi/5.4.1/../../../arm-none-eabi/lib/fpu/libc.a(lib_a-__atexit.o)
 .debug_info    0x0000000000004923      0x9a5 /usr/lib/gcc/arm-none-eabi/5.4.1/../../../arm-none-eabi/lib/fpu/libc.a(lib_a-__call_atexit.o)
 .debug_info    0x00000000000052c8      0xbff /usr/lib/gcc/arm-none-eabi/5.4.1/../../../arm-none-eabi/lib/fpu/libc.a(lib_a-freer.o)
 .debug_info    0x0000000000005ec7      0x9fa /usr/lib/gcc/arm-none-eabi/5.4.1/../../../arm-none-eabi/lib/fpu/libc.a(lib_a-reent.o)
 .debug_info    0x00000000000068c1       0x9d /usr/lib/gcc/arm-none-eabi/5.4.1/../../../arm-none-eabi/lib/fpu/libnosys.a(sbrk.o)
 .debug_info    0x000000000000695e       0x9a /usr/lib/gcc/arm-none-eabi/5.4.1/../../../arm-none-eabi/lib/fpu/libnosys.a(_exit.o)

.debug_abbrev   0x0000000000000000     0x196c
 .debug_abbrev  0x0000000000000000       0x14 /usr/lib/gcc/arm-none-eabi/5.4.1/../../../arm-none-eabi/lib/fpu/crt0.o
 .debug_abbrev  0x0000000000000014       0x7b main.o
 .debug_abbrev  0x000000000000008f       0x97 misc.o
 .debug_abbrev  0x0000000000000126       0xa7 /usr/lib/gcc/arm-none-eabi/5.4.1/../../../arm-none-eabi/lib/fpu/libc.a(lib_a-atexit.o)
 .debug_abbrev  0x00000000000001cd      0x1d6 /usr/lib/gcc/arm-none-eabi/5.4.1/../../../arm-none-eabi/lib/fpu/libc.a(lib_a-exit.o)
 .debug_abbrev  0x00000000000003a3       0xba /usr/lib/gcc/arm-none-eabi/5.4.1/../../../arm-none-eabi/lib/fpu/libc.a(lib_a-fini.o)
 .debug_abbrev  0x000000000000045d      0x180 /usr/lib/gcc/arm-none-eabi/5.4.1/../../../arm-none-eabi/lib/fpu/libc.a(lib_a-impure.o)
 .debug_abbrev  0x00000000000005dd       0xba /usr/lib/gcc/arm-none-eabi/5.4.1/../../../arm-none-eabi/lib/fpu/libc.a(lib_a-init.o)
 .debug_abbrev  0x0000000000000697      0x1e2 /usr/lib/gcc/arm-none-eabi/5.4.1/../../../arm-none-eabi/lib/fpu/libc.a(lib_a-malloc.o)
 .debug_abbrev  0x0000000000000879      0x29d /usr/lib/gcc/arm-none-eabi/5.4.1/../../../arm-none-eabi/lib/fpu/libc.a(lib_a-mallocr.o)
 .debug_abbrev  0x0000000000000b16       0x9f /usr/lib/gcc/arm-none-eabi/5.4.1/../../../arm-none-eabi/lib/fpu/libc.a(lib_a-memset.o)
 .debug_abbrev  0x0000000000000bb5      0x1ac /usr/lib/gcc/arm-none-eabi/5.4.1/../../../arm-none-eabi/lib/fpu/libc.a(lib_a-mlock.o)
 .debug_abbrev  0x0000000000000d61      0x1fb /usr/lib/gcc/arm-none-eabi/5.4.1/../../../arm-none-eabi/lib/fpu/libc.a(lib_a-sbrkr.o)
 .debug_abbrev  0x0000000000000f5c      0x20f /usr/lib/gcc/arm-none-eabi/5.4.1/../../../arm-none-eabi/lib/fpu/libc.a(lib_a-__atexit.o)
 .debug_abbrev  0x000000000000116b      0x26d /usr/lib/gcc/arm-none-eabi/5.4.1/../../../arm-none-eabi/lib/fpu/libc.a(lib_a-__call_atexit.o)
 .debug_abbrev  0x00000000000013d8      0x254 /usr/lib/gcc/arm-none-eabi/5.4.1/../../../arm-none-eabi/lib/fpu/libc.a(lib_a-freer.o)
 .debug_abbrev  0x000000000000162c      0x25c /usr/lib/gcc/arm-none-eabi/5.4.1/../../../arm-none-eabi/lib/fpu/libc.a(lib_a-reent.o)
 .debug_abbrev  0x0000000000001888       0x83 /usr/lib/gcc/arm-none-eabi/5.4.1/../../../arm-none-eabi/lib/fpu/libnosys.a(sbrk.o)
 .debug_abbrev  0x000000000000190b       0x61 /usr/lib/gcc/arm-none-eabi/5.4.1/../../../arm-none-eabi/lib/fpu/libnosys.a(_exit.o)

.debug_aranges  0x0000000000000000      0x260
 .debug_aranges
                0x0000000000000000       0x20 /usr/lib/gcc/arm-none-eabi/5.4.1/../../../arm-none-eabi/lib/fpu/crt0.o
 .debug_aranges
                0x0000000000000020       0x20 main.o
 .debug_aranges
                0x0000000000000040       0x20 misc.o
 .debug_aranges
                0x0000000000000060       0x20 /usr/lib/gcc/arm-none-eabi/5.4.1/../../../arm-none-eabi/lib/fpu/libc.a(lib_a-atexit.o)
 .debug_aranges
                0x0000000000000080       0x20 /usr/lib/gcc/arm-none-eabi/5.4.1/../../../arm-none-eabi/lib/fpu/libc.a(lib_a-exit.o)
 .debug_aranges
                0x00000000000000a0       0x20 /usr/lib/gcc/arm-none-eabi/5.4.1/../../../arm-none-eabi/lib/fpu/libc.a(lib_a-fini.o)
 .debug_aranges
                0x00000000000000c0       0x18 /usr/lib/gcc/arm-none-eabi/5.4.1/../../../arm-none-eabi/lib/fpu/libc.a(lib_a-impure.o)
 .debug_aranges
                0x00000000000000d8       0x20 /usr/lib/gcc/arm-none-eabi/5.4.1/../../../arm-none-eabi/lib/fpu/libc.a(lib_a-init.o)
 .debug_aranges
                0x00000000000000f8       0x20 /usr/lib/gcc/arm-none-eabi/5.4.1/../../../arm-none-eabi/lib/fpu/libc.a(lib_a-malloc.o)
 .debug_aranges
                0x0000000000000118       0x20 /usr/lib/gcc/arm-none-eabi/5.4.1/../../../arm-none-eabi/lib/fpu/libc.a(lib_a-mallocr.o)
 .debug_aranges
                0x0000000000000138       0x20 /usr/lib/gcc/arm-none-eabi/5.4.1/../../../arm-none-eabi/lib/fpu/libc.a(lib_a-memset.o)
 .debug_aranges
                0x0000000000000158       0x20 /usr/lib/gcc/arm-none-eabi/5.4.1/../../../arm-none-eabi/lib/fpu/libc.a(lib_a-mlock.o)
 .debug_aranges
                0x0000000000000178       0x20 /usr/lib/gcc/arm-none-eabi/5.4.1/../../../arm-none-eabi/lib/fpu/libc.a(lib_a-sbrkr.o)
 .debug_aranges
                0x0000000000000198       0x20 /usr/lib/gcc/arm-none-eabi/5.4.1/../../../arm-none-eabi/lib/fpu/libc.a(lib_a-__atexit.o)
 .debug_aranges
                0x00000000000001b8       0x28 /usr/lib/gcc/arm-none-eabi/5.4.1/../../../arm-none-eabi/lib/fpu/libc.a(lib_a-__call_atexit.o)
 .debug_aranges
                0x00000000000001e0       0x20 /usr/lib/gcc/arm-none-eabi/5.4.1/../../../arm-none-eabi/lib/fpu/libc.a(lib_a-freer.o)
 .debug_aranges
                0x0000000000000200       0x20 /usr/lib/gcc/arm-none-eabi/5.4.1/../../../arm-none-eabi/lib/fpu/libc.a(lib_a-reent.o)
 .debug_aranges
                0x0000000000000220       0x20 /usr/lib/gcc/arm-none-eabi/5.4.1/../../../arm-none-eabi/lib/fpu/libnosys.a(sbrk.o)
 .debug_aranges
                0x0000000000000240       0x20 /usr/lib/gcc/arm-none-eabi/5.4.1/../../../arm-none-eabi/lib/fpu/libnosys.a(_exit.o)

.debug_str      0x0000000000000000      0xd65
 .debug_str     0x0000000000000000       0xee main.o
                                        0x127 (size before relaxing)
 .debug_str     0x00000000000000ee        0x7 misc.o
                                         0xb0 (size before relaxing)
 .debug_str     0x00000000000000f5      0x121 /usr/lib/gcc/arm-none-eabi/5.4.1/../../../arm-none-eabi/lib/fpu/libc.a(lib_a-atexit.o)
                                        0x1ba (size before relaxing)
 .debug_str     0x0000000000000216      0x3d7 /usr/lib/gcc/arm-none-eabi/5.4.1/../../../arm-none-eabi/lib/fpu/libc.a(lib_a-exit.o)
                                        0x557 (size before relaxing)
 .debug_str     0x00000000000005ed       0xbb /usr/lib/gcc/arm-none-eabi/5.4.1/../../../arm-none-eabi/lib/fpu/libc.a(lib_a-fini.o)
                                        0x1b2 (size before relaxing)
 .debug_str     0x00000000000006a8       0x8e /usr/lib/gcc/arm-none-eabi/5.4.1/../../../arm-none-eabi/lib/fpu/libc.a(lib_a-impure.o)
                                        0x54e (size before relaxing)
 .debug_str     0x0000000000000736       0x90 /usr/lib/gcc/arm-none-eabi/5.4.1/../../../arm-none-eabi/lib/fpu/libc.a(lib_a-init.o)
                                        0x1dc (size before relaxing)
 .debug_str     0x00000000000007c6       0x51 /usr/lib/gcc/arm-none-eabi/5.4.1/../../../arm-none-eabi/lib/fpu/libc.a(lib_a-malloc.o)
                                        0x562 (size before relaxing)
 .debug_str     0x0000000000000817      0x217 /usr/lib/gcc/arm-none-eabi/5.4.1/../../../arm-none-eabi/lib/fpu/libc.a(lib_a-mallocr.o)
                                        0x753 (size before relaxing)
 .debug_str     0x0000000000000a2e       0x9f /usr/lib/gcc/arm-none-eabi/5.4.1/../../../arm-none-eabi/lib/fpu/libc.a(lib_a-memset.o)
                                        0x191 (size before relaxing)
 .debug_str     0x0000000000000acd       0x42 /usr/lib/gcc/arm-none-eabi/5.4.1/../../../arm-none-eabi/lib/fpu/libc.a(lib_a-mlock.o)
                                        0x549 (size before relaxing)
 .debug_str     0x0000000000000b0f       0x41 /usr/lib/gcc/arm-none-eabi/5.4.1/../../../arm-none-eabi/lib/fpu/libc.a(lib_a-sbrkr.o)
                                        0x545 (size before relaxing)
 .debug_str     0x0000000000000b50       0x30 /usr/lib/gcc/arm-none-eabi/5.4.1/../../../arm-none-eabi/lib/fpu/libc.a(lib_a-__atexit.o)
                                        0x58f (size before relaxing)
 .debug_str     0x0000000000000b80       0x6b /usr/lib/gcc/arm-none-eabi/5.4.1/../../../arm-none-eabi/lib/fpu/libc.a(lib_a-__call_atexit.o)
                                        0x5ae (size before relaxing)
 .debug_str     0x0000000000000beb       0x34 /usr/lib/gcc/arm-none-eabi/5.4.1/../../../arm-none-eabi/lib/fpu/libc.a(lib_a-freer.o)
                                        0x69d (size before relaxing)
 .debug_str     0x0000000000000c1f       0x58 /usr/lib/gcc/arm-none-eabi/5.4.1/../../../arm-none-eabi/lib/fpu/libc.a(lib_a-reent.o)
                                        0x56d (size before relaxing)
 .debug_str     0x0000000000000c77       0xc5 /usr/lib/gcc/arm-none-eabi/5.4.1/../../../arm-none-eabi/lib/fpu/libnosys.a(sbrk.o)
                                         0xde (size before relaxing)
 .debug_str     0x0000000000000d3c       0x29 /usr/lib/gcc/arm-none-eabi/5.4.1/../../../arm-none-eabi/lib/fpu/libnosys.a(_exit.o)
                                        0x14e (size before relaxing)

.debug_frame    0x0000000000000000      0x44c
 .debug_frame   0x0000000000000000       0x38 main.o
 .debug_frame   0x0000000000000038       0x38 misc.o
 .debug_frame   0x0000000000000070       0x2c /usr/lib/gcc/arm-none-eabi/5.4.1/../../../arm-none-eabi/lib/fpu/libc.a(lib_a-atexit.o)
 .debug_frame   0x000000000000009c       0x28 /usr/lib/gcc/arm-none-eabi/5.4.1/../../../arm-none-eabi/lib/fpu/libc.a(lib_a-exit.o)
 .debug_frame   0x00000000000000c4       0x34 /usr/lib/gcc/arm-none-eabi/5.4.1/../../../arm-none-eabi/lib/fpu/libc.a(lib_a-fini.o)
 .debug_frame   0x00000000000000f8       0x34 /usr/lib/gcc/arm-none-eabi/5.4.1/../../../arm-none-eabi/lib/fpu/libc.a(lib_a-init.o)
 .debug_frame   0x000000000000012c       0x48 /usr/lib/gcc/arm-none-eabi/5.4.1/../../../arm-none-eabi/lib/fpu/libc.a(lib_a-malloc.o)
 .debug_frame   0x0000000000000174       0x7c /usr/lib/gcc/arm-none-eabi/5.4.1/../../../arm-none-eabi/lib/fpu/libc.a(lib_a-mallocr.o)
 .debug_frame   0x00000000000001f0       0x30 /usr/lib/gcc/arm-none-eabi/5.4.1/../../../arm-none-eabi/lib/fpu/libc.a(lib_a-memset.o)
 .debug_frame   0x0000000000000220       0x30 /usr/lib/gcc/arm-none-eabi/5.4.1/../../../arm-none-eabi/lib/fpu/libc.a(lib_a-mlock.o)
 .debug_frame   0x0000000000000250       0x3c /usr/lib/gcc/arm-none-eabi/5.4.1/../../../arm-none-eabi/lib/fpu/libc.a(lib_a-sbrkr.o)
 .debug_frame   0x000000000000028c       0x3c /usr/lib/gcc/arm-none-eabi/5.4.1/../../../arm-none-eabi/lib/fpu/libc.a(lib_a-__atexit.o)
 .debug_frame   0x00000000000002c8       0x68 /usr/lib/gcc/arm-none-eabi/5.4.1/../../../arm-none-eabi/lib/fpu/libc.a(lib_a-__call_atexit.o)
 .debug_frame   0x0000000000000330       0x78 /usr/lib/gcc/arm-none-eabi/5.4.1/../../../arm-none-eabi/lib/fpu/libc.a(lib_a-freer.o)
 .debug_frame   0x00000000000003a8       0x64 /usr/lib/gcc/arm-none-eabi/5.4.1/../../../arm-none-eabi/lib/fpu/libc.a(lib_a-reent.o)
 .debug_frame   0x000000000000040c       0x20 /usr/lib/gcc/arm-none-eabi/5.4.1/../../../arm-none-eabi/lib/fpu/libnosys.a(sbrk.o)
 .debug_frame   0x000000000000042c       0x20 /usr/lib/gcc/arm-none-eabi/5.4.1/../../../arm-none-eabi/lib/fpu/libnosys.a(_exit.o)

.debug_loc      0x0000000000000000     0x183c
 .debug_loc     0x0000000000000000       0x2c /usr/lib/gcc/arm-none-eabi/5.4.1/../../../arm-none-eabi/lib/fpu/libc.a(lib_a-atexit.o)
 .debug_loc     0x000000000000002c       0x1e /usr/lib/gcc/arm-none-eabi/5.4.1/../../../arm-none-eabi/lib/fpu/libc.a(lib_a-exit.o)
 .debug_loc     0x000000000000004a       0x5c /usr/lib/gcc/arm-none-eabi/5.4.1/../../../arm-none-eabi/lib/fpu/libc.a(lib_a-fini.o)
 .debug_loc     0x00000000000000a6       0xa2 /usr/lib/gcc/arm-none-eabi/5.4.1/../../../arm-none-eabi/lib/fpu/libc.a(lib_a-init.o)
 .debug_loc     0x0000000000000148       0x58 /usr/lib/gcc/arm-none-eabi/5.4.1/../../../arm-none-eabi/lib/fpu/libc.a(lib_a-malloc.o)
 .debug_loc     0x00000000000001a0      0xb7e /usr/lib/gcc/arm-none-eabi/5.4.1/../../../arm-none-eabi/lib/fpu/libc.a(lib_a-mallocr.o)
 .debug_loc     0x0000000000000d1e      0x198 /usr/lib/gcc/arm-none-eabi/5.4.1/../../../arm-none-eabi/lib/fpu/libc.a(lib_a-memset.o)
 .debug_loc     0x0000000000000eb6       0x66 /usr/lib/gcc/arm-none-eabi/5.4.1/../../../arm-none-eabi/lib/fpu/libc.a(lib_a-sbrkr.o)
 .debug_loc     0x0000000000000f1c      0x11b /usr/lib/gcc/arm-none-eabi/5.4.1/../../../arm-none-eabi/lib/fpu/libc.a(lib_a-__atexit.o)
 .debug_loc     0x0000000000001037      0x1cb /usr/lib/gcc/arm-none-eabi/5.4.1/../../../arm-none-eabi/lib/fpu/libc.a(lib_a-__call_atexit.o)
 .debug_loc     0x0000000000001202      0x504 /usr/lib/gcc/arm-none-eabi/5.4.1/../../../arm-none-eabi/lib/fpu/libc.a(lib_a-freer.o)
 .debug_loc     0x0000000000001706      0x115 /usr/lib/gcc/arm-none-eabi/5.4.1/../../../arm-none-eabi/lib/fpu/libc.a(lib_a-reent.o)
 .debug_loc     0x000000000000181b       0x21 /usr/lib/gcc/arm-none-eabi/5.4.1/../../../arm-none-eabi/lib/fpu/libnosys.a(sbrk.o)

.debug_ranges   0x0000000000000000       0x68
 .debug_ranges  0x0000000000000000       0x28 /usr/lib/gcc/arm-none-eabi/5.4.1/../../../arm-none-eabi/lib/fpu/libc.a(lib_a-mallocr.o)
 .debug_ranges  0x0000000000000028       0x40 /usr/lib/gcc/arm-none-eabi/5.4.1/../../../arm-none-eabi/lib/fpu/libc.a(lib_a-__call_atexit.o)
